[gracehaiirandbeauty.vercel.app/contact.html]
[backblue.gif]
[fade.gif]
[index.html]
[gracehaiirandbeauty.vercel.app/img/favicon.png]
[gracehaiirandbeauty.vercel.app/css/elegant-font-icons.css]
[gracehaiirandbeauty.vercel.app/css/elegant-line-icons.css]
[gracehaiirandbeauty.vercel.app/css/themify-icons.css]
[gracehaiirandbeauty.vercel.app/css/barber-icons.css]
[gracehaiirandbeauty.vercel.app/css/bootstrap.min.css]
[gracehaiirandbeauty.vercel.app/css/animate.min.css]
[gracehaiirandbeauty.vercel.app/css/venobox/venobox.css]
[gracehaiirandbeauty.vercel.app/css/nice-select.css]
[gracehaiirandbeauty.vercel.app/css/owl.carousel.css]
[gracehaiirandbeauty.vercel.app/css/slicknav.min.css]
[gracehaiirandbeauty.vercel.app/css/main.css]
[gracehaiirandbeauty.vercel.app/css/responsive.css]
[gracehaiirandbeauty.vercel.app/js/vendor/modernizr-2.8.3-respond-1.4.2.min.js]
[gracehaiirandbeauty.vercel.app/img/loading.gif]
[gracehaiirandbeauty.vercel.app/img/logo.10.delayed]
[gracehaiirandbeauty.vercel.app/index.html]
[gracehaiirandbeauty.vercel.app/about-us.html]
[gracehaiirandbeauty.vercel.app/img/logo.13.delayed]
[gracehaiirandbeauty.vercel.app/js/vendor/jquery-1.12.4.min.js]
[gracehaiirandbeauty.vercel.app/js/vendor/bootstrap.min.js]
[gracehaiirandbeauty.vercel.app/js/vendor/imagesloaded.pkgd.min.js]
[gracehaiirandbeauty.vercel.app/js/vendor/owl.carousel.min.js]
[gracehaiirandbeauty.vercel.app/js/vendor/jquery.isotope.v3.0.2.js]
[gracehaiirandbeauty.vercel.app/js/vendor/smooth-scroll.min.js]
[gracehaiirandbeauty.vercel.app/js/vendor/venobox.min.js]
[gracehaiirandbeauty.vercel.app/js/vendor/jquery.ajaxchimp.min.js]
[gracehaiirandbeauty.vercel.app/js/vendor/jquery.slicknav.min.js]
[gracehaiirandbeauty.vercel.app/js/vendor/jquery.nice-select.min.js]
[gracehaiirandbeauty.vercel.app/js/vendor/jquery.mb.YTPlayer.min.js]
[gracehaiirandbeauty.vercel.app/js/vendor/wow.min.js]
[gracehaiirandbeauty.vercel.app/js/contact.js]
[gracehaiirandbeauty.vercel.app/js/appointment.js]
[gracehaiirandbeauty.vercel.app/contact.html]
[gracehaiirandbeauty.vercel.app/js/main.js]
[gracehaiirandbeauty.vercel.app/fonts/ElegantIcons.eot]
[gracehaiirandbeauty.vercel.app/fonts/ElegantIconsd41dd41d.eot]
[gracehaiirandbeauty.vercel.app/fonts/ElegantIcons.woff]
[gracehaiirandbeauty.vercel.app/fonts/ElegantIcons.ttf]
[gracehaiirandbeauty.vercel.app/css/elegant-font-icons.css]
[gracehaiirandbeauty.vercel.app/fonts/ElegantIcons.svg]
[gracehaiirandbeauty.vercel.app/fonts/et-line.eot]
[gracehaiirandbeauty.vercel.app/fonts/et-lined41dd41d.eot]
[gracehaiirandbeauty.vercel.app/fonts/et-line.woff]
[gracehaiirandbeauty.vercel.app/fonts/et-line.ttf]
[gracehaiirandbeauty.vercel.app/css/elegant-line-icons.css]
[gracehaiirandbeauty.vercel.app/fonts/et-line.svg]
[gracehaiirandbeauty.vercel.app/fonts/themify9f249f24.eot]
[gracehaiirandbeauty.vercel.app/fonts/themifyd41dd41d.eot]
[gracehaiirandbeauty.vercel.app/fonts/themify9f249f24.woff]
[gracehaiirandbeauty.vercel.app/fonts/themify9f249f24.ttf]
[gracehaiirandbeauty.vercel.app/css/themify-icons.css]
[gracehaiirandbeauty.vercel.app/fonts/themify9f249f24.svg]
[gracehaiirandbeauty.vercel.app/fonts/barber-icon835c835c.eot]
[gracehaiirandbeauty.vercel.app/fonts/barber-icon835c835c.ttf]
[gracehaiirandbeauty.vercel.app/fonts/barber-icon835c835c.woff]
[gracehaiirandbeauty.vercel.app/css/barber-icons.css]
[gracehaiirandbeauty.vercel.app/css/bootstrap.min.css]
[gracehaiirandbeauty.vercel.app/css/animate.min.css]
[gracehaiirandbeauty.vercel.app/fonts/barber-icon835c835c.svg]
[gracehaiirandbeauty.vercel.app/css/venobox/preload-circle.png]
[gracehaiirandbeauty.vercel.app/css/venobox/close.gif]
[gracehaiirandbeauty.vercel.app/css/venobox/prev.gif]
[gracehaiirandbeauty.vercel.app/css/venobox/next.gif]
[gracehaiirandbeauty.vercel.app/css/venobox/venobox.css]
[gracehaiirandbeauty.vercel.app/css/nice-select.css]
[gracehaiirandbeauty.vercel.app/css/owl.carousel.css]
[gracehaiirandbeauty.vercel.app/css/slicknav.min.css]
[gracehaiirandbeauty.vercel.app/css/owl.video.play.html]
[gracehaiirandbeauty.vercel.app/img/heading-line.png]
[gracehaiirandbeauty.vercel.app/img/hero-1.jpg]
[gracehaiirandbeauty.vercel.app/img/book-bg.jpg]
[gracehaiirandbeauty.vercel.app/img/satellite-map.png]
[gracehaiirandbeauty.vercel.app/img/testimonial.jpg]
[gracehaiirandbeauty.vercel.app/img/cta.jpg]
[gracehaiirandbeauty.vercel.app/img/page-header.jpg]
[gracehaiirandbeauty.vercel.app/css/main.css]
[gracehaiirandbeauty.vercel.app/css/responsive.css]
[gracehaiirandbeauty.vercel.app/img/logo.html]
[gracehaiirandbeauty.vercel.app/img/slide-1.jpg]
[gracehaiirandbeauty.vercel.app/img/slide-4.jpg]
[gracehaiirandbeauty.vercel.app/img/slide-2.jpg]
[gracehaiirandbeauty.vercel.app/img/slide-3.jpg]
[gracehaiirandbeauty.vercel.app/img/about-logo.jpg]
[gracehaiirandbeauty.vercel.app/img/about-1.jpg]
[gracehaiirandbeauty.vercel.app/img/about-2.jpg]
[gracehaiirandbeauty.vercel.app/img/about-3.jpg]
[gracehaiirandbeauty.vercel.app/img/post-1.jpg]
[gracehaiirandbeauty.vercel.app/img/post-4.jpg]
[gracehaiirandbeauty.vercel.app/img/post-2.jpg]
[gracehaiirandbeauty.vercel.app/img/post-5.jpg]
[gracehaiirandbeauty.vercel.app/img/post-3.jpg]
[gracehaiirandbeauty.vercel.app/img/sponsor-1.png]
[gracehaiirandbeauty.vercel.app/img/sponsor-2.png]
[gracehaiirandbeauty.vercel.app/img/sponsor-3.png]
[gracehaiirandbeauty.vercel.app/img/sponsor-4.png]
[gracehaiirandbeauty.vercel.app/img/sponsor-5.png]
[gracehaiirandbeauty.vercel.app/philipgraceike2020@gmail.54.delayed]
[gracehaiirandbeauty.vercel.app/cdn-cgi/scripts/5c5dd728/cloudflare-static/email-decode.min.55.delayed]
[gracehaiirandbeauty.vercel.app/index.html]
[gracehaiirandbeauty.vercel.app/img/about-logo.56.delayed]
[gracehaiirandbeauty.vercel.app/img/team-8.jpg]
[gracehaiirandbeauty.vercel.app/img/team-7.jpg]
[gracehaiirandbeauty.vercel.app/img/team-1.jpg]
[gracehaiirandbeauty.vercel.app/img/team-2.jpg]
[gracehaiirandbeauty.vercel.app/img/team-6.jpg]
[gracehaiirandbeauty.vercel.app/img/team-5.jpg]
[gracehaiirandbeauty.vercel.app/img/team-3.jpg]
[gracehaiirandbeauty.vercel.app/img/team-4.jpg]
[gracehaiirandbeauty.vercel.app/about-us.html]
[gracehaiirandbeauty.vercel.app/img/logo-2.html]
[gracehaiirandbeauty.vercel.app/fonts/ElegantIcons.svg]
[gracehaiirandbeauty.vercel.app/fonts/et-line.svg]
[gracehaiirandbeauty.vercel.app/fonts/themify9f249f24.svg]
[gracehaiirandbeauty.vercel.app/fonts/barber-icon835c835c.svg]
[maxcdn.bootstrapcdn.com/bootstrap/3.3.7/css/bootstrap.min.css]
[www.google-analytics.com/analytics.js]
[gracehaiirandbeauty.vercel.app/htdocs_error/page_not_found.61.delayed]
[gracehaiirandbeauty.vercel.app/css/owl.video.play.html]
[gracehaiirandbeauty.vercel.app/philipgraceike2020@gmail.html]
[gracehaiirandbeauty.vercel.app/cdn-cgi/scripts/5c5dd728/cloudflare-static/email-decode.min.html]
[gracehaiirandbeauty.vercel.app/img/about-logo.html]
[maxcdn.bootstrapcdn.com/bootstrap/3.3.7/css/bootstrap.min.css]
[gracehaiirandbeauty.vercel.app/htdocs_error/page_not_found.html]
